// Jest Snapshot v1, https://goo.gl/fbAQLP

exports[`Modal should render correctly 1`] = `
<DocumentFragment>
  <div
    class="modal"
    data-testid="modal"
  >
    <div
      class="modal-content"
    >
      <p>
        Hii
      </p>
    </div>
  </div>
</DocumentFragment>
`;
