// Jest Snapshot v1, https://goo.gl/fbAQLP

exports[`Header should render correctly 1`] = `
<DocumentFragment>
  <div
    class="main-panel-header basic-padding"
  >
    Hello World!!
  </div>
</DocumentFragment>
`;
