// Jest Snapshot v1, https://goo.gl/fbAQLP

exports[`renders App correctly 1`] = `
<DocumentFragment>
  <div
    class="App"
  >
    <div
      class="404"
    >
      <h1>
        404
      </h1>
      <h2>
        NotFound
      </h2>
    </div>
  </div>
</DocumentFragment>
`;
